// Vitest Snapshot v1, https://vitest.dev/guide/snapshot.html

exports[`upgrade-v9 migration script > processComponents (integration) > migrates fixtures/Component.tsx as expected 1`] = `
"import { Alert } from '../../../lib/src/old/components/Alert'
import { Box } from '../../../lib/src/old/components/Box'
import { IconsFont } from '../../../lib/src/old/components/IconsFont'
import { Link } from '../../../lib/src/old/components/Link'
import { Text } from '../../../lib/src/old/components/Text'

const FormattedMessage = ({
  defaultMessage,
  id,
}: {
  defaultMessage: string
  id: string
}): React.ReactNode => <span id={id}>{defaultMessage}</span>

const signinPath = '/signin'

// Usage examples
export const Example = () => (
  <>
    <div className="flex h-full">
      <aside className="bg-beige-20 flex-col grow h-max-content items-center justify-center lg:px-3xl md:px-xl max-w-[30rem] md:flex none min-h-full pb-xl w-40%">
        <Link to={signinPath}>
          <IconsFont.Add h={58} />
          <Text as="h1" mt="md" variant="h4">
            <FormattedMessage defaultMessage="Terms of use" id="EBDrtq" />
          </Text>
        </Link>
      </aside>
    </div>
    <Alert isFullWidth mx="auto" variant="danger">
      <Alert.Title mb="sm">
        <FormattedMessage defaultMessage="Please sign in with provider" id="5nmpcx" />
      </Alert.Title>
      <span>
        <FormattedMessage
          defaultMessage="Your organization enforces provider sign-in. Contact your administrator if you need help."
          id="TzKv+W"
        />
      </span>
    </Alert>
  </>
)
"
`;
