// Jest Snapshot v1, https://goo.gl/fbAQLP

exports[`<Button> renders correctly and has white text by default 1`] = `
.c0 {
  position: relative;
  display: -webkit-inline-box;
  display: -webkit-inline-flex;
  display: -ms-inline-flexbox;
  display: inline-flex;
  -webkit-align-items: center;
  -webkit-box-align: center;
  -ms-flex-align: center;
  align-items: center;
  -webkit-box-pack: center;
  -webkit-justify-content: center;
  -ms-flex-pack: center;
  justify-content: center;
  width: auto;
  font-family: Arial;
  text-align: center;
  text-transform: uppercase;
  white-space: nowrap;
  cursor: pointer;
  outline: none;
  border: none;
  -webkit-appearance: none;
  -moz-appearance: none;
  appearance: none;
  overflow: hidden;
  border-radius: 3px;
  -webkit-transition: all .2s cubic-bezier(0.41,0.094,0.54,0.07);
  transition: all .2s cubic-bezier(0.41,0.094,0.54,0.07);
  line-height: 1;
  padding: 0.32rem 0.48rem;
  font-size: 0.22rem;
  font-weight: 600;
  text-transform: uppercase;
  -webkit-letter-spacing: 1px;
  -moz-letter-spacing: 1px;
  -ms-letter-spacing: 1px;
  letter-spacing: 1px;
  background: #00C29A;
  color: #FFFFFF;
}

.c0::before {
  content: ' ';
  position: absolute;
  top: 0;
  left: 0;
  right: 0;
  bottom: 0;
  background: rgba(255,255,255,0.15);
  -webkit-transform: scaleX(0);
  -ms-transform: scaleX(0);
  transform: scaleX(0);
  -webkit-transform-origin: 0;
  -ms-transform-origin: 0;
  transform-origin: 0;
  -webkit-transition: all .3s cubic-bezier(0.41,0.094,0.54,0.07);
  transition: all .3s cubic-bezier(0.41,0.094,0.54,0.07);
}

.c0:hover::before {
  -webkit-transform: scaleX(1);
  -ms-transform: scaleX(1);
  transform: scaleX(1);
}

.c0:active {
  -webkit-transform: translateY(2px);
  -ms-transform: translateY(2px);
  transform: translateY(2px);
  box-shadow: 0 0 4px rgba(undefined,0.2);
}

.c0[disabled] {
  pointer-events: none;
}

.c0 svg {
  display: block;
}

.c0 svg + span,
.c0 svg + .c1 {
  margin-left: 0.26rem;
}

.c0 .c1,
.c0 span {
  white-space: nowrap;
  overflow: hidden;
  text-overflow: ellipsis;
}

.c0 .c1 + svg,
.c0 span + svg {
  margin-left: 0.26rem;
}

.c0:hover {
  color: #FFFFFF;
}

.c0[disabled] {
  color: #FFFFFF;
}

.c0 .c2 {
  margin-left: 0.92rem;
}

@media (max-width:670px) {
  .c0:hover {
    -webkit-transform: translateY(2px);
    -ms-transform: translateY(2px);
    transform: translateY(2px);
  }
}

@media (max-width:670px) {
  .c0 {
    padding: 0.32rem;
  }
}

<button
  className="c0"
>
  Test button
</button>
`;
