// Vitest Snapshot v1, https://vitest.dev/guide/snapshot.html

exports[`upgrade-v9 migration script > processComponents (integration) > migrates fixtures/Component.tsx as expected 1`] = `
"import { Alert } from '../../lib/src/old/components/Alert'
import { Box } from '../../lib/src/old/components/Box'
import { IconsFont } from '../../lib/src/old/components/IconsFont'
import { Link } from '../../lib/src/old/components/Link'
import { Text } from '../../lib/src/old/components/Text'

const FormattedMessage = ({
  defaultMessage,
  id,
}: {
  defaultMessage: string
  id: string
}): React.ReactNode => <span id={id}>{defaultMessage}</span>

const signinPath = '/signin'

const LAYOUT_WIDTH = {
  normal: 400,
  terms: 560,
}

// Usage examples
export const Example = () => (
  <>
    <div className="flex h-full">
      <aside className="bg-beige-20 flex-col h-max-content items-center justify-center max-w-[30rem] md:flex none min-h-full w-40%">
        <div className="pt-3xl">
          <Link to={signinPath}>
            <IconsFont.Add h={58} />
          </Link>
        </div>
        <div className="flex flex-col grow items-center justify-center lg:px-3xl md:px-xl max-w-[26.25rem] pb-xl w-full">
          <Text as="h2" mb="xxl" mt="0" variant="h3">
            This is my content
          </Text>
        </div>
      </aside>
      <div className="flex flex-[0.0625rem] flex-col">
        <div className="grid grow items-center max-w-LAYOUT_WIDTH['normal'] px-lg w-full" mx="auto">
          <FormattedMessage defaultMessage="Terms of use" id="EBDrtq" />
        </div>
        <div className="md:none mt-xl">
          <FormattedMessage defaultMessage="Terms of use" id="EBDrtq" />
        </div>
      </div>
    </div>
    <Alert className="mb-xl" isFullWidth variant="danger">
      <Alert.Title>
        <FormattedMessage defaultMessage="Please sign in with provider" id="5nmpcx" />
      </Alert.Title>
      <span>
        <FormattedMessage
          defaultMessage="Your organization enforces provider sign-in. Contact your administrator if you need help."
          id="TzKv+W"
        />
      </span>
    </Alert>
  </>
)
"
`;
