// Vitest Snapshot v1, https://vitest.dev/guide/snapshot.html

exports[`External Migration - Simple Styled Components > migrates simple styled components (styled.div, styled.button, etc.) > simple-component.tsx 1`] = `
"import styles from './styles.module.scss'
import { classNames } from 'welcome-ui/utils'
const cx = classNames(styles)
export const SimpleComponent = () => {
  return (
    <div className={cx('container')}>
      <Text className={cx('header')} as="h1">
        Simple Header
      </Text>
      <section className={cx('content')}>
        <button className={cx('button')}>Click me</button>
      </section>
    </div>
  )
}
"
`;

exports[`External Migration - Simple Styled Components > migrates simple styled components (styled.div, styled.button, etc.) > simple-styles.module.scss 1`] = `
"@layer components {
  .container {
    display: flex;
    flex-direction: column;
    padding: var(--spacing-lg);
  }

  .header {
    color: var(--color-primary-500);
    margin-bottom: var(--spacing-md);
  }

  .content {
    flex: 1;
  }

  .button {
    background-color: var(--color-primary-500);
    color: white;
    padding: var(--spacing-sm) var(--spacing-md);
    border: none;
    border-radius: var(--spacing-sm);
    cursor: pointer;
  }
}"
`;
