// Vitest Snapshot v1, https://vitest.dev/guide/snapshot.html

exports[`Inline Migration - AspectRatio Components > migrates AspectRatio components with responsive props to AspectRatio with classNames > aspectratio-component.tsx 1`] = `
"import { AspectRatio } from 'welcome-ui/AspectRatio'
import { Box } from 'welcome-ui/Box'

export const AspectRatioComponent = () => {
  return (
    <div>
      <AspectRatio className="flex-1 max-w-full md:max-w-[8rem]">
        <img
          className="rounded-md"
          alt="video_thumbnail"
          loading="lazy"
          src="https://via.placeholder.com/160"
        />
      </AspectRatio>
    </div>
  )
}
"
`;
