// Vitest Snapshot v1, https://vitest.dev/guide/snapshot.html

exports[`Inline Migration - Breadcrumb Components > migrates Breadcrumb components with styling props to Breadcrumb with classNames > breadcrumb-component.tsx 1`] = `
"import { Breadcrumb } from 'welcome-ui/Breadcrumb'

export const BreadcrumbComponent = () => {
  return (
    <div>
      <Breadcrumb className="mb-lg" separator=">">
        <Breadcrumb.Item className="mb-xl" href="/">
          Introduction
        </Breadcrumb.Item>
        <Breadcrumb.Item className="mb-xl">Disabled</Breadcrumb.Item>
        <Breadcrumb.Item className="mb-xl">Breadcrumb</Breadcrumb.Item>
      </Breadcrumb>
    </div>
  )
}
"
`;
