// Vitest Snapshot v1, https://vitest.dev/guide/snapshot.html

exports[`Inline Migration - Label Components > migrates Label components with form props to Label with classNames > label-component.tsx 1`] = `
"import { Label } from 'welcome-ui/Label'

const FALSE = false

export const LabelComponent = () => {
  return (
    <div>
      <Label className="items-center mb-sm" required={FALSE}>
        Email Label
      </Label>
      <Label className="font-bold text-sm">Bold Label</Label>
    </div>
  )
}
"
`;
