// Vitest Snapshot v1, https://vitest.dev/guide/snapshot.html

exports[`Inline Migration - InputText Components > migrates InputText components with form props to InputText with classNames > inputtext-component.tsx 1`] = `
"import { InputText } from 'welcome-ui/InputText'

const register = (name: string, options?: object) => {
  return { name, ...options }
}

export const InputTextComponent = () => {
  return (
    <form>
      <InputText
        autoFocus
        dataTestId="wa-forgot-input-email"
        name="email"
        {...register('email', {
          pattern: 'This field has invalid format',
          required: 'This field is required',
          value: /fish/,
        })}
      />
    </form>
  )
}
"
`;
